../Drivers/CMSIS/Include/core_cm4.h:1667:26:__NVIC_GetPriorityGrouping	4	static
../Drivers/CMSIS/Include/core_cm4.h:1679:22:__NVIC_EnableIRQ	16	static,ignoring_inline_asm
../Drivers/CMSIS/Include/core_cm4.h:1809:22:__NVIC_SetPriority	16	static
../Drivers/CMSIS/Include/core_cm4.h:1856:26:NVIC_EncodePriority	40	static
../Drivers/CMSIS/Include/core_cm4.h:1933:34:__NVIC_SystemReset	4	static,ignoring_inline_asm
../Drivers/STM32G4xx_HAL_Driver/Inc/stm32g4xx_ll_bus.h:451:22:LL_AHB2_GRP1_EnableClock	24	static
../Drivers/STM32G4xx_HAL_Driver/Inc/stm32g4xx_ll_bus.h:935:22:LL_APB1_GRP2_EnableClock	24	static
../Drivers/STM32G4xx_HAL_Driver/Inc/stm32g4xx_ll_dma.h:628:22:LL_DMA_SetDataTransferDirection	32	static
../Drivers/STM32G4xx_HAL_Driver/Inc/stm32g4xx_ll_dma.h:683:22:LL_DMA_SetMode	32	static
../Drivers/STM32G4xx_HAL_Driver/Inc/stm32g4xx_ll_dma.h:734:22:LL_DMA_SetPeriphIncMode	32	static
../Drivers/STM32G4xx_HAL_Driver/Inc/stm32g4xx_ll_dma.h:785:22:LL_DMA_SetMemoryIncMode	32	static
../Drivers/STM32G4xx_HAL_Driver/Inc/stm32g4xx_ll_dma.h:837:22:LL_DMA_SetPeriphSize	32	static
../Drivers/STM32G4xx_HAL_Driver/Inc/stm32g4xx_ll_dma.h:890:22:LL_DMA_SetMemorySize	32	static
../Drivers/STM32G4xx_HAL_Driver/Inc/stm32g4xx_ll_dma.h:944:22:LL_DMA_SetChannelPriorityLevel	32	static
../Drivers/STM32G4xx_HAL_Driver/Inc/stm32g4xx_ll_dma.h:1406:22:LL_DMA_SetPeriphRequest	32	static
../Core/Src/main.c:218:5:main	8	static
../Core/Src/main.c:368:6:SystemClock_Config	88	static
../Core/Src/main.c:415:13:MX_ADC1_Init	56	static
../Core/Src/main.c:492:13:MX_ADC2_Init	40	static
../Core/Src/main.c:551:13:MX_ADC5_Init	40	static
../Core/Src/main.c:610:13:MX_I2C4_Init	8	static
../Core/Src/main.c:658:13:MX_TIM3_Init	64	static
../Core/Src/main.c:721:13:MX_TIM5_Init	64	static
../Core/Src/main.c:780:13:MX_UART4_Init	8	static
../Core/Src/main.c:828:13:MX_USART1_UART_Init	8	static
../Core/Src/main.c:876:13:MX_USART2_UART_Init	8	static
../Core/Src/main.c:924:13:MX_UCPD1_Init	32	static
../Core/Src/main.c:1003:13:MX_DMA_Init	24	static
../Core/Src/main.c:1047:13:MX_GPIO_Init	48	static
../Core/Src/main.c:1141:6:delay	16	static
../Core/Src/main.c:1159:6:HAL_UARTEx_RxEventCallback	16	static
../Core/Src/main.c:1168:6:HAL_ADC_ConvCpltCallback	16	static
../Core/Src/main.c:1188:6:USB_CDC_RxHandler	16	static
../Core/Src/main.c:1207:6:StartDefaultTask	16	static
../Core/Src/main.c:1235:6:task_LEDcontrol	16	static
../Core/Src/main.c:1259:6:task_Current_Check	24	static
../Core/Src/main.c:1310:6:task_BUTTON	24	static
../Core/Src/main.c:1348:6:task_StateMachine	48	static
../Core/Src/main.c:1469:6:task_PCconnectionWatchDog	16	static
../Core/Src/main.c:1493:6:taks_CardConnectionWatchDog	16	static
../Core/Src/main.c:1517:6:task_CardConnectionCheck	24	static
../Core/Src/main.c:1573:6:task_CardUpdateStatus	24	static
../Core/Src/main.c:1621:6:HAL_TIM_PeriodElapsedCallback	16	static
../Core/Src/main.c:1638:6:Error_Handler	16	static,ignoring_inline_asm
