../Drivers/CMSIS/Include/core_cm4.h:1667:26:__NVIC_GetPriorityGrouping	1
../Drivers/CMSIS/Include/core_cm4.h:1679:22:__NVIC_EnableIRQ	2
../Drivers/CMSIS/Include/core_cm4.h:1809:22:__NVIC_SetPriority	2
../Drivers/CMSIS/Include/core_cm4.h:1856:26:NVIC_EncodePriority	2
../Drivers/CMSIS/Include/core_cm4.h:1933:34:__NVIC_SystemReset	1
../Drivers/STM32G4xx_HAL_Driver/Inc/stm32g4xx_ll_bus.h:451:22:LL_AHB2_GRP1_EnableClock	1
../Drivers/STM32G4xx_HAL_Driver/Inc/stm32g4xx_ll_bus.h:935:22:LL_APB1_GRP2_EnableClock	1
../Drivers/STM32G4xx_HAL_Driver/Inc/stm32g4xx_ll_dma.h:628:22:LL_DMA_SetDataTransferDirection	1
../Drivers/STM32G4xx_HAL_Driver/Inc/stm32g4xx_ll_dma.h:683:22:LL_DMA_SetMode	1
../Drivers/STM32G4xx_HAL_Driver/Inc/stm32g4xx_ll_dma.h:734:22:LL_DMA_SetPeriphIncMode	1
../Drivers/STM32G4xx_HAL_Driver/Inc/stm32g4xx_ll_dma.h:785:22:LL_DMA_SetMemoryIncMode	1
../Drivers/STM32G4xx_HAL_Driver/Inc/stm32g4xx_ll_dma.h:837:22:LL_DMA_SetPeriphSize	1
../Drivers/STM32G4xx_HAL_Driver/Inc/stm32g4xx_ll_dma.h:890:22:LL_DMA_SetMemorySize	1
../Drivers/STM32G4xx_HAL_Driver/Inc/stm32g4xx_ll_dma.h:944:22:LL_DMA_SetChannelPriorityLevel	1
../Drivers/STM32G4xx_HAL_Driver/Inc/stm32g4xx_ll_dma.h:1406:22:LL_DMA_SetPeriphRequest	1
../Core/Src/main.c:215:5:main	2
../Core/Src/main.c:363:6:SystemClock_Config	3
../Core/Src/main.c:410:13:MX_ADC1_Init	5
../Core/Src/main.c:487:13:MX_ADC2_Init	3
../Core/Src/main.c:546:13:MX_ADC5_Init	3
../Core/Src/main.c:605:13:MX_I2C4_Init	4
../Core/Src/main.c:653:13:MX_TIM3_Init	7
../Core/Src/main.c:716:13:MX_TIM5_Init	6
../Core/Src/main.c:775:13:MX_UART4_Init	5
../Core/Src/main.c:823:13:MX_USART1_UART_Init	5
../Core/Src/main.c:871:13:MX_USART2_UART_Init	5
../Core/Src/main.c:919:13:MX_UCPD1_Init	1
../Core/Src/main.c:998:13:MX_DMA_Init	1
../Core/Src/main.c:1042:13:MX_GPIO_Init	1
../Core/Src/main.c:1136:6:delay	2
../Core/Src/main.c:1154:6:HAL_UARTEx_RxEventCallback	2
../Core/Src/main.c:1163:6:HAL_ADC_ConvCpltCallback	2
../Core/Src/main.c:1183:6:USB_CDC_RxHandler	1
../Core/Src/main.c:1202:6:StartDefaultTask	1
../Core/Src/main.c:1230:6:task_LEDcontrol	1
../Core/Src/main.c:1254:6:task_Current_Check	9
../Core/Src/main.c:1305:6:task_BUTTON	4
../Core/Src/main.c:1343:6:task_StateMachine	22
../Core/Src/main.c:1464:6:task_PCconnectionWatchDog	3
../Core/Src/main.c:1488:6:taks_CardConnectionWatchDog	4
../Core/Src/main.c:1512:6:task_CardConnectionCheck	16
../Core/Src/main.c:1568:6:task_CardUpdateStatus	14
../Core/Src/main.c:1616:6:HAL_TIM_PeriodElapsedCallback	2
../Core/Src/main.c:1633:6:Error_Handler	4
